12-Mar-2026 16:35:35.710 INFO [main] org.apache.catalina.startup.VersionLoggerListener.log Server version name:   Apache Tomcat/9.0.113
12-Mar-2026 16:35:35.717 INFO [main] org.apache.catalina.startup.VersionLoggerListener.log Server built:          Dec 2 2025 19:51:24 UTC
12-Mar-2026 16:35:35.719 INFO [main] org.apache.catalina.startup.VersionLoggerListener.log Server version number: 9.0.113.0
12-Mar-2026 16:35:35.721 INFO [main] org.apache.catalina.startup.VersionLoggerListener.log OS Name:               Windows 11
12-Mar-2026 16:35:35.721 INFO [main] org.apache.catalina.startup.VersionLoggerListener.log OS Version:            10.0
12-Mar-2026 16:35:35.721 INFO [main] org.apache.catalina.startup.VersionLoggerListener.log Architecture:          amd64
12-Mar-2026 16:35:35.721 INFO [main] org.apache.catalina.startup.VersionLoggerListener.log Java Home:             C:\Program Files\Eclipse Adoptium\jdk-21.0.8.9-hotspot
12-Mar-2026 16:35:35.721 INFO [main] org.apache.catalina.startup.VersionLoggerListener.log JVM Version:           21.0.8+9-LTS
12-Mar-2026 16:35:35.721 INFO [main] org.apache.catalina.startup.VersionLoggerListener.log JVM Vendor:            Eclipse Adoptium
12-Mar-2026 16:35:35.721 INFO [main] org.apache.catalina.startup.VersionLoggerListener.log CATALINA_BASE:         C:\Users\user\Desktop\JAVA\HibernetProject
12-Mar-2026 16:35:35.721 INFO [main] org.apache.catalina.startup.VersionLoggerListener.log CATALINA_HOME:         C:\tomcat 9
12-Mar-2026 16:35:35.745 INFO [main] org.apache.catalina.startup.VersionLoggerListener.log Command line argument: --add-opens=java.base/java.lang=ALL-UNNAMED
12-Mar-2026 16:35:35.746 INFO [main] org.apache.catalina.startup.VersionLoggerListener.log Command line argument: --add-opens=java.base/java.io=ALL-UNNAMED
12-Mar-2026 16:35:35.746 INFO [main] org.apache.catalina.startup.VersionLoggerListener.log Command line argument: --add-opens=java.base/java.util=ALL-UNNAMED
12-Mar-2026 16:35:35.746 INFO [main] org.apache.catalina.startup.VersionLoggerListener.log Command line argument: --add-opens=java.base/java.util.concurrent=ALL-UNNAMED
12-Mar-2026 16:35:35.746 INFO [main] org.apache.catalina.startup.VersionLoggerListener.log Command line argument: --add-opens=java.rmi/sun.rmi.transport=ALL-UNNAMED
12-Mar-2026 16:35:35.746 INFO [main] org.apache.catalina.startup.VersionLoggerListener.log Command line argument: -Dcatalina.home=C:\tomcat 9
12-Mar-2026 16:35:35.747 INFO [main] org.apache.catalina.startup.VersionLoggerListener.log Command line argument: -Dcatalina.base=C:\Users\user\Desktop\JAVA\HibernetProject
12-Mar-2026 16:35:35.747 INFO [main] org.apache.catalina.startup.VersionLoggerListener.log Command line argument: -Djava.io.tmpdir=C:\Users\user\Desktop\JAVA\HibernetProject\temp
12-Mar-2026 16:35:35.747 INFO [main] org.apache.catalina.startup.VersionLoggerListener.log Command line argument: -Djava.util.logging.config.file=C:\Users\user\Desktop\JAVA\HibernetProject\conf\logging.properties
12-Mar-2026 16:35:35.747 INFO [main] org.apache.catalina.startup.VersionLoggerListener.log Command line argument: -Djava.util.logging.manager=org.apache.juli.ClassLoaderLogManager
12-Mar-2026 16:35:35.747 INFO [main] org.apache.catalina.startup.VersionLoggerListener.log Command line argument: -javaagent:C:\Program Files\JetBrains\IntelliJ IDEA 2025.1.3\lib\idea_rt.jar=65062
12-Mar-2026 16:35:35.747 INFO [main] org.apache.catalina.startup.VersionLoggerListener.log Command line argument: -Dfile.encoding=UTF-8
12-Mar-2026 16:35:35.747 INFO [main] org.apache.catalina.startup.VersionLoggerListener.log Command line argument: -Dsun.stdout.encoding=UTF-8
12-Mar-2026 16:35:35.748 INFO [main] org.apache.catalina.startup.VersionLoggerListener.log Command line argument: -Dsun.stderr.encoding=UTF-8
12-Mar-2026 16:35:35.753 INFO [main] org.apache.catalina.core.AprLifecycleListener.lifecycleEvent Loaded Apache Tomcat Native library [1.3.1] using APR version [1.7.4].
12-Mar-2026 16:35:35.754 INFO [main] org.apache.catalina.core.AprLifecycleListener.lifecycleEvent APR capabilities: IPv6 [true], sendfile [true], accept filters [false], random [true], UDS [true].
12-Mar-2026 16:35:35.754 INFO [main] org.apache.catalina.core.AprLifecycleListener.lifecycleEvent APR/OpenSSL configuration: useAprConnector [false], useOpenSSL [true]
12-Mar-2026 16:35:35.772 INFO [main] org.apache.catalina.core.AprLifecycleListener.initializeSSL OpenSSL successfully initialized [OpenSSL 3.0.14 4 Jun 2024]
12-Mar-2026 16:35:36.471 INFO [main] org.apache.coyote.AbstractProtocol.init Initializing ProtocolHandler ["http-nio-8080"]
12-Mar-2026 16:35:36.507 INFO [main] org.apache.catalina.startup.Catalina.load Server initialization in [1191] milliseconds
12-Mar-2026 16:35:36.578 INFO [main] org.apache.catalina.core.StandardService.startInternal Starting service [Catalina]
12-Mar-2026 16:35:36.578 INFO [main] org.apache.catalina.core.StandardEngine.startInternal Starting Servlet engine: [Apache Tomcat/9.0.113]
12-Mar-2026 16:35:36.592 INFO [main] org.apache.catalina.startup.HostConfig.deployDescriptor Deploying deployment descriptor [C:\Users\user\Desktop\JAVA\HibernetProject\conf\Catalina\localhost\GetPostProject.xml]
12-Mar-2026 16:35:39.037 INFO [main] org.apache.catalina.startup.HostConfig.deployDescriptor Deployment of deployment descriptor [C:\Users\user\Desktop\JAVA\HibernetProject\conf\Catalina\localhost\GetPostProject.xml] has finished in [2,444] ms
12-Mar-2026 16:35:39.049 INFO [main] org.apache.catalina.startup.HostConfig.deployDescriptor Deploying deployment descriptor [C:\Users\user\Desktop\JAVA\HibernetProject\conf\Catalina\localhost\HibernetProject.xml]
12-Mar-2026 16:35:41.174 INFO [main] org.apache.jasper.servlet.TldScanner.scanJars At least one JAR was scanned for TLDs yet contained no TLDs. Enable debug logging for this logger for a complete list of JARs that were scanned but no TLDs were found in them. Skipping unneeded JARs during scanning can improve startup time and JSP compilation time.
12-Mar-2026 16:35:41.184 INFO [main] org.apache.catalina.startup.HostConfig.deployDescriptor Deployment of deployment descriptor [C:\Users\user\Desktop\JAVA\HibernetProject\conf\Catalina\localhost\HibernetProject.xml] has finished in [2,134] ms
12-Mar-2026 16:35:41.188 INFO [main] org.apache.coyote.AbstractProtocol.start Starting ProtocolHandler ["http-nio-8080"]
12-Mar-2026 16:35:41.224 INFO [main] org.apache.catalina.startup.Catalina.start Server startup in [4714] milliseconds
12-Mar-2026 16:37:46.703 INFO [Thread-1] org.apache.coyote.AbstractProtocol.pause Pausing ProtocolHandler ["http-nio-8080"]
12-Mar-2026 16:37:46.716 INFO [Thread-1] org.apache.catalina.core.StandardService.stopInternal Stopping service [Catalina]
12-Mar-2026 16:37:46.741 INFO [Thread-1] org.apache.coyote.AbstractProtocol.stop Stopping ProtocolHandler ["http-nio-8080"]
12-Mar-2026 16:37:46.746 INFO [Thread-1] org.apache.coyote.AbstractProtocol.destroy Destroying ProtocolHandler ["http-nio-8080"]
